// Jest Snapshot v1, https://goo.gl/fbAQLP

exports[`initial render renders an empty form 1`] = `
<div>
  <form
    class="SongForm__FormContainer-iup8lu-0 fZvGnO"
  >
    <div
      class="SongForm__FormField-iup8lu-1 eTJHAx"
    >
      <label
        for="title"
      >
        Title
      </label>
      <input
        id="title"
        name="title"
      />
    </div>
    <div
      class="SongForm__FormField-iup8lu-1 eTJHAx"
    >
      <label
        for="artist"
      >
        Artist
      </label>
      <input
        id="artist"
        name="artist"
      />
    </div>
    <div
      class="SongForm__FormField-iup8lu-1 eTJHAx"
    >
      <label
        for="recommendedKey"
      >
        Recommended Key
      </label>
      <input
        id="recommendedKey"
        name="recommendedKey"
      />
    </div>
    <div
      class="SongForm__FormField-iup8lu-1 eTJHAx"
    >
      <label
        for="timeSignature"
      >
        Time Signature
      </label>
      <select
        id="timeSignature"
      >
        <option
          value="[4,4]"
        >
          4/4
        </option>
        <option
          value="[3,4]"
        >
          3/4
        </option>
        <option
          value="[6,8]"
        >
          6/8
        </option>
        <option
          value="[2,4]"
        >
          2/4
        </option>
      </select>
    </div>
    <div
      class="SongForm__FormField-iup8lu-1 eTJHAx"
    >
      <label
        for="bpm"
      >
        BPM
      </label>
      <input
        id="bpm"
        name="bpm"
        type="number"
      />
    </div>
    <button>
      Submit
    </button>
  </form>
</div>
`;
