// Jest Snapshot v1, https://goo.gl/fbAQLP

exports[`renders the login form 1`] = `
<div>
  <form
    class="sc-bdVaJa IBFwZ"
  >
    <label
      class="sc-bwzfXH eAmrLN"
      for="username"
    >
      Username
    </label>
    <input
      class="sc-htpNat gtvlIW"
      id="username"
      name="username"
    />
    <label
      class="sc-bwzfXH eAmrLN"
      for="password"
    >
      Password
    </label>
    <input
      class="sc-htpNat gtvlIW"
      id="password"
      name="password"
      type="password"
    />
    <button
      class="sc-bxivhb bOGPmh"
    >
      Login
    </button>
  </form>
</div>
`;
