// Jest Snapshot v1, https://goo.gl/fbAQLP

exports[`renders the login form 1`] = `
<div>
  <form
    class="LoginForm__LoginFormContainer-vdxufc-0 ehysyc"
  >
    <label
      class="LoginForm__LoginLabel-vdxufc-1 eVfdSf"
      for="username"
    >
      Username
    </label>
    <input
      class="LoginForm__LoginInput-vdxufc-2 kqWixQ"
      id="username"
      name="username"
    />
    <label
      class="LoginForm__LoginLabel-vdxufc-1 eVfdSf"
      for="password"
    >
      Password
    </label>
    <input
      class="LoginForm__LoginInput-vdxufc-2 kqWixQ"
      id="password"
      name="password"
      type="password"
    />
    <button
      class="LoginForm__LoginButton-vdxufc-3 gLgGik"
    >
      Login
    </button>
  </form>
</div>
`;
